(2><2)
 [ 4.997615818722213e-2, -32.08323987570847
 ,   -32.08323987570847,  35188.62764855795 ]
T: 2.2281388519862757
MAX: 2.749442153882835
([-2.4036850318447884,-2.3973800136263166,-2.3910649642636743,-2.384739878484932,-2.378404751186053,-2.372059577432592,-2.365704352461396,-2.359339071682283,-2.352963730679795,-2.3465783252148587,-2.3401828512265337,-2.3337773048337622,-2.3273616823370524,-2.320935980220252,-2.3145001951522777,-2.30805432398886,-2.3015983637743154,-2.29513231174329,-2.2886561653225117,-2.282169922132586,-2.2756735799897623,-2.2691671369076953,-2.26265059109924,-2.256123940978236,-2.2495871851613067,-2.2430403224696356,-2.2364833519307794,-2.2299162727804633,-2.2233390844643877,-2.216751786640041,-2.2101543791784977,-2.203546862166257,-2.196929235907033,-2.190301500923607,-2.1836636579596043,-2.177015707981374,-2.170357652179765,-2.1636894919719953,-2.157011229003453,-2.150322865149547,-2.1436244025175264,-2.1369158434483264,-2.130197190518391,-2.1234684465415286,-2.1167296145707293,-2.109980697899996,-2.103221700066206,-2.0964526248509308,-2.0896734762822735,-2.082884258636699,-2.0760849764408684,-2.0692756344735015,-2.062456237767163,-2.0556267916101065,-2.048787301548134,-2.041937773386377,-2.0350782131911442,-2.028208627291738,-2.021329022282283,-2.0144394050235155,-2.007539782644621,-2.0006301625450136,-1.993710552396193,-1.9867809601434727,-1.9798413940078172,-1.9728918624876357,-1.9659323743605643,-1.9589629386852265,-1.9519835648030095,-1.944994262339864,-1.9379950412080416,-1.9309859116078494,-1.9239668840293922,-1.9169379692543551,-1.9098991783576849,-1.9028505227093402,-1.8957920139760012,-1.888723664122825,-1.881645485415075,-1.8745574904198576,-1.8674596920077784,-1.860352103354671,-1.853234737943188,-1.8461076095644873,-1.8389707323198903,-1.8318241206224941,-1.8246677891987824,-1.817501753090246,-1.8103260276549846,-1.8031406285692906,-1.7959455718291892,-1.7887408737520372,-1.7815265509780556,-1.7743026204718342,-1.7670690995238758,-1.7598260057521047,-1.7525733571033213,-1.7453111718546974,-1.7380394686152243,-1.730758266327164,-1.7234675842674492,-1.7161674420491217,-1.708857859622691,-1.701538857277528,-1.6942104556432167,-1.6868726756908665,-1.679525538734479,-1.672169066432196,-1.664803280787606,-1.6574282041509958,-1.6500438592205968,-1.6426502690437943,-1.6352474570183364,-1.6278354468934824,-1.6204142627712121,-1.612983929107294,-1.6055444707124524,-1.5980959127534125,-1.5906382807539918,-1.5831716005961336,-1.5756958985209046,-1.5682112011295133,-1.5607175353842735,-1.5532149286095411,-1.5457034084926042,-1.5381830030846326,-1.5306537408014913,-1.5231156504245957,-1.5155687611017372,-1.5080131023478274,-1.5004487040456966,-1.492875596446799,-1.4852938101719053,-1.4777033762117835,-1.4701043259278272,-1.4624966910526809,-1.4548805036908166,-1.4472557963190726,-1.4396226017871767,-1.4319809533182355,-1.4243308845091869,-1.4166724293312174,-1.4090056221301872,-1.4013304976269387,-1.3936470909176495,-1.38595543747412,-1.3782555731440493,-1.3705475341512143,-1.3628313570957071,-1.3551070789540516,-1.3473747370793636,-1.3396343692013937,-1.3318860134265973,-1.3241297082381216,-1.3163654924958668,-1.3085934054362904,-1.3008134866724028,-1.293025776193613,-1.2852303143655548,-1.2774271419298477,-1.2696163000038945,-1.261797830080529,-1.253971774027785,-1.246138174088419,-1.238297072879563,-1.2304485133923146,-1.22259253899116,-1.2147291934135134,-1.2068585207691307,-1.198980565539516,-1.1910953725772535,-1.1832029871053127,-1.175303454716339,-1.167396821371886,-1.159483133401561,-1.1515624375022067,-1.1436347807369878,-1.1357002105344365,-1.1277587746874962,-1.1198105213524376,-1.1118554990478868,-1.1038937566536065,-1.0959253434093774,-1.0879503089138098,-1.07996870312312,-1.071980576349748,-1.0639859792610984,-1.0559849628781968,-1.047977578574172,-1.0399638780728202,-1.0319439134471475,-1.023917737117735,-1.0158854018512038,-1.0078469607585088,-0.9998024672932928,-0.9917519752501229,-0.9836955387627144,-0.9756332123020892,-0.9675650506747612,-0.9594911090207117,-0.9514114428115211,-0.9433261078482986,-0.9352351602596751,-0.9271386564996199,-0.9190366533453679,-0.9109292078952165,-0.9028163775662436,-0.8946982200920368,-0.8865747935203628,-0.8784461562108099,-0.8703123668322967,-0.8621734843606841,-0.8540295680761701,-0.8458806775608002,-0.8377268726957723,-0.8295682136588428,-0.8214047609215953,-0.8132365752466566,-0.8050637176849368,-0.7968862495727405,-0.7887042325289372,-0.7805177284519049,-0.7723267995165837,-0.7641315081715017,-0.7559319171355796,-0.7477280893950009,-0.7395200882000738,-0.7313079770619676,-0.7230918197493905,-0.7148716802852324,-0.7066476229432186,-0.6984197122444538,-0.6901880129538436,-0.6819525900765924,-0.673713508854602,-0.6654708347627308,-0.6572246335051571,-0.6489749710114306,-0.6407219134327682,-0.6324655271380872,-0.6242058787099237,-0.6159430349405078,-0.6076770628275937,-0.5994080295701696,-0.5911360025642648,-0.5828610493985336,-0.5745832378498622,-0.5663026358787512,-0.5580193116246001,-0.54973333340118,-0.5414447696915141,-0.5331536891429904,-0.5248601605622741,-0.5165642529100203,-0.5082660352953511,-0.49996557697035243,-0.4916629473243154,-0.4833582158777365,-0.4750514522760293,-0.4667427262830793,-0.4584321077745882,-0.45011966673095954,-0.44180547322984015,-0.4334895974383852,-0.42517210960502383,-0.41685308005068783,-0.40853257915946206,-0.40021067736867605,-0.3918874451582085,-0.38356295303893967,-0.37523727154006603,-0.36691047119567716,-0.35858262252964135,-0.35025379603902446,-0.3419240621760408,-0.33359349132742655,-0.32526215379173345,-0.3169301197536004,-0.3085974592543372,-0.30026424215891007,-0.2919305381173192,-0.2835964165204922,-0.2752619464488095,-0.266927196611812,-0.25859223527699277,-0.2502571301855844,-0.24192194845173887,-0.2335867564408957,-0.22525161962255225,-0.21691660238983895,-0.20858176783751092,-0.2002471774846938,-0.191912890927831,-0.1835789653998209,-0.17524545520480161,-0.16691241098526072,-0.15857987876004273,-0.1502478986440816,-0.1419165031186914,-0.13358571465787838,2.2497661981698656,2.2441744328738933,2.2385725655696693,2.2329605832230497,2.227338472893804,2.2217062217369987,2.216063817004298,2.210411246045354,2.2047484963091697,2.1990755553454746,2.1933924108061134,2.1876990504464318,2.1819954621267006,2.1762816338135154,2.1705575535812294,2.16482320961336,2.1590785902040737,2.153323683759598,2.147558478799707,2.141782963959157,2.135997127989197,2.13020095975904,2.1243944482573567,2.11857758259377,2.112750352000385,2.1069127458333092,2.101064753574155,2.095206364831611,2.0893375693429617,2.08345835697567,2.0775687177289104,2.0716686417351586,2.0657581192617798,2.059837140712598,2.05390569662949,2.0479637776940205,2.0420113747290345,2.036048478700272,2.0300750807180004,2.0240911720386774,2.018096744066569,2.0120917883553964,2.0060762966100163,2.0000502606881017,1.99401367260178,1.9879665245193323,1.9819088087669003,1.9758405178301714,1.9697616443560788,1.9636721811545206,1.9575721212000765,1.9514614576337515,1.945340183764686,1.9392082930718888,1.933065779206032,1.9269126359911544,1.920748857426429,1.914574437687962,1.9083893711305393,1.902193652289396,1.895987275882022,1.889770236809944,1.883542530160527,1.877304151208758,1.871055095419081,1.8647953584471784,1.858524936141832,1.8522438245466757,1.8459520199021118,1.8396495186470583,1.8333363174208552,1.827012413065058,1.8206778026253052,1.8143324833531709,1.807976452708005,1.8016097083587934,1.7952322481860314,1.788844070283586,1.7824451729605317,1.7760355547430877,1.7696152143764101,1.7631841508265604,1.756742363282284,1.750289851156984,1.7438266140905372,1.7373526519512317,1.7308679648376064,1.724372553080388,1.7178664172443345,1.7113495581301672,1.7048219767764468,1.6982836744614502,1.6917346527051078,1.6851749132708411,1.6786044581675093,1.67202328965127,1.6654314102274856,1.6588288226526193,1.6522155299361072,1.6455915353422919,1.6389568423922525,1.6323114548657514,1.62565537680308,1.6189886125069504,1.612311166544404,1.6056230437486518,1.5989242492209663,1.5922147883325732,1.585494666726483,1.578763890319391,1.5720224653035204,1.5652703981484652,1.5585076956030988,1.5517343646973554,1.5449504127441052,1.5381558473409829,1.5313506763722349,1.524534908010527,1.5177085507187622,1.510871613251901,1.5040241046587726,1.4971660342838482,1.4902974117690493,1.4834182470555386,1.4765285503854664,1.4696283323037727,1.4627176036598801,1.455796375609523,1.448864659616422,1.4419224674540467,1.4349698112072802,1.4280067032742132,1.4210331563677578,1.414049183517359,1.4070547980706831,1.400050013695267,1.3930348443801457,1.3860093044375177,1.3789734085043461,1.3719271715439771,1.3648706088477263,1.3578037360364665,1.3507265690621828,1.3436391242095513,1.3365414180974209,1.3294334676803679,1.3223152902502344,1.3151869034375232,1.308048325212945,1.3008995738888351,1.293740668120619,1.2865716269081944,1.279392469597326,1.2722032158810646,1.265003885801083,1.2577944997489974,1.2505750784677365,1.2433456430527836,1.2361062149535085,1.2288568159743893,1.2215974682762654,1.214328194377539,1.2070490171553916,1.199759959846917,1.192461046050291,1.1851522997259076,1.1778337451974201,1.1705054071528846,1.1631673106457494,1.1558194810959486,1.148461944290799,1.1410947263860554,1.133717853906821,1.1263313537484922,1.1189352531776044,1.1115295798327132,1.104114361725264,1.0966896272403324,1.089255405137459,1.081811724551381,1.0743586149927196,1.0668961063487077,1.0594242288838283,1.051943013240413,1.044452490439323,1.0369526918803869,1.0294436493430479,1.0219253949867737,1.014397961351585,1.0068613813584268,0.9993156883096168,0.9917609158891795,0.98419709816317,0.9766242695799912,0.9690424649706108,0.9614517195488316,0.9538520689114143,0.946243549038292,0.9386261962926469,0.9310000474209323,0.9233651395530058,0.9157215102020523,0.9080691972645683,0.900408239020242,0.8927386741319076,0.8850605416452866,0.8773738809888532,0.8696787319735507,0.8619751347925321,0.8542631300207906,0.8465427586148346,0.8388140619122201,0.831077081631146,0.8233318598699084,0.8155784391063509,0.8078168621973281,0.8000471723779609,0.792269413261071,0.7844836288363352,0.7766898634696155,0.7688881619020145,0.7610785692491004,0.7532611309998635,0.7454358930158939,0.7376029015301935,0.7297622031461747,0.7219138448365254,0.7140578739420086,0.7061943381702003,0.6983232855941697,0.6904447646512204,0.6825588241413508,0.6746655132258436,0.6667648814256931,0.6588569786200524,0.650941855044501,0.6430195612893618,0.6350901482978573,0.6271536673642572,0.6192101701319381,0.6112597085913322,0.6033023350777877,0.5953381022695018,0.587367063185079,0.5793892711812827,0.5714047799505206,0.563413643518305,0.555415916240525,0.5474116528006832,0.5394009082070487,0.5313837377895166,0.5233601971964793,0.5153303423915152,0.5072942296498748,0.4992519155548219,0.4912034569937555,0.48314891115421466,0.4750883355195731,0.4670217878644271,0.45894932624990126,0.4508710090184801,0.4427868947885749,0.4346970424486757,0.4266015111511443,0.41850036030548066,0.41039364957108887,0.4022814388493982,0.39416378827540594,0.38604075820827644,0.3779124092211885,0.3697788020901205,0.3616399977814582,0.3534960574382134,0.3453470423646365,0.337193014009138,0.32903403394478514,0.32087016384753486,0.31270146547119027,0.3045280006189935,0.29634983111083724,0.28816701874548395,0.27997962525643033,0.2717877122606114,0.26359134119772315,0.2553905732586496,0.2471854693000955,0.2389760897421427,0.23076249444462923,0.222544742556521,0.21432289233160826,0.20609700090013114,0.19786712398447392,0.18963331554097645,0.1813956273050049,0.17315410820640728,0.16490880360991858,0.15665975431567966,0.1484069952269853,0.14015055354594902,0.1318904462901997,0.0],(601><2)
 [ 195.58531486248975,  4.918932889385057e-2
 , 195.63958370419613,  4.923271350022315e-2
 ,  195.6938525459025, 4.9276122438086475e-2
 , 195.74812138760888,  4.931955666856918e-2
 , 195.80239022931528,  4.936301519223091e-2
 , 195.85665907102165,  4.940649869305635e-2
 , 195.91092791272803,  4.945000683732355e-2
 , 195.96519675443443,   4.94935396069634e-2
 ,  196.0194655961408, 4.9537097399815815e-2
 , 196.07373443784718,  4.958067953169034e-2
 , 196.12800327955355, 4.9624286463172886e-2
 , 196.18227212125996, 4.9667918171555886e-2
 , 196.23654096296633,  4.971157501827027e-2
 ,  196.2908098046727,  4.975525640599136e-2
 , 196.34507864637908, 4.9798962285687885e-2
 , 196.39934748808548,  4.984269318738638e-2
 , 196.45361632979186,  4.988644884371566e-2
 , 196.50788517149823,  4.993022953991221e-2
 ,  196.5621540132046,  4.997403470026003e-2
 ,   196.616422854911,  5.001786511174942e-2
 , 196.67069169661738, 5.0061719994401815e-2
 , 196.72496053832376,   5.01055996177556e-2
 , 196.77922938003013,  5.014950434047944e-2
 , 196.83349822173653,  5.019343378600352e-2
 ,  196.8877670634429, 5.0237388085540055e-2
 , 196.94203590514928,  5.028136739202283e-2
 , 196.99630474685569,  5.032537120942764e-2
 , 197.05057358856206,  5.036940046451799e-2
 , 197.10484243026843,  5.041345432020199e-2
 ,  197.1591112719748,  5.045753313030758e-2
 ,  197.2133801136812,  5.050163673985239e-2
 , 197.26764895538759,  5.054576542626804e-2
 , 197.32191779709396, 5.0589919061596454e-2
 , 197.37618663880033,  5.063409732905827e-2
 , 197.43045548050674, 5.0678300699240925e-2
 ,  197.4847243222131,  5.072252904687993e-2
 , 197.53899316391949,  5.076678235757265e-2
 , 197.59326200562586,  5.081106053770949e-2
 , 197.64753084733226,  5.085536375685833e-2
 , 197.70179968903864, 5.0899691595245176e-2
 ,   197.756068530745,  5.094404513662945e-2
 ,  197.8103373724514,  5.098842327636302e-2
 ,  197.8646062141578, 5.1032826441251546e-2
 , 197.91887505586416,   5.10772546703294e-2
 , 197.97314389757054, 5.1121707791505565e-2
 ,  198.0274127392769,  5.116618599553751e-2
 , 198.08168158098331,  5.121068930590737e-2
 ,  198.1359504226897, 5.1255217642283385e-2
 , 198.19021926439606,  5.129977079327322e-2
 , 198.24448810610244, 5.1344349230309935e-2
 , 198.29875694780884,  5.138895271759351e-2
 , 198.35302578951521,  5.143358119563485e-2
 ,  198.4072946312216,  5.147823485347451e-2
 ,   198.461563472928,  5.152291339217535e-2
 , 198.51583231463437,   5.15676171655997e-2
 , 198.57010115634074,  5.161234626842841e-2
 , 198.62436999804711,  5.165710005510658e-2
 , 198.67863883975352,  5.170187920975089e-2
 ,  198.7329076814599,   5.17466833226968e-2
 , 198.78717652316627,   5.17915126319122e-2
 , 198.84144536487264,  5.183636715670065e-2
 , 198.89571420657904,   5.18812467695387e-2
 , 198.94998304828542,  5.192615140581075e-2
 ,  199.0042518899918,  5.197108152364542e-2
 , 199.05852073169817, 5.2016036765836764e-2
 , 199.11278957340457, 5.2061016962726525e-2
 , 199.16705841511094, 5.2106022267630635e-2
 , 199.22132725681732,  5.215105336052498e-2
 ,  199.2755960985237,  5.219610894247499e-2
 ,  199.3298649402301, 5.2241189922709375e-2
 , 199.38413378193647,  5.228629621274182e-2
 , 199.43840262364284,  5.233142811837624e-2
 , 199.49267146534925, 5.2376584879019965e-2
 , 199.54694030705562,  5.242176696566575e-2
 ,   199.601209148762,  5.246697418909526e-2
 , 199.65547799046837, 5.2512206481879486e-2
 , 199.70974683217477,  5.255746464015967e-2
 , 199.76401567388115, 5.2602747517164705e-2
 , 199.81828451558752,  5.264805612390754e-2
 ,  199.8725533572939, 5.2693389568469653e-2
 ,  199.9268221990003, 5.2738748555092134e-2
 , 199.98109104070667,    5.2784133117108e-2
 , 200.03535988241305,  5.282954231280651e-2
 , 200.08962872411942,  5.287497740454231e-2
 , 200.14389756582582, 5.2920437871648886e-2
 ,  200.1981664075322,  5.296592303146017e-2
 , 200.25243524923857,  5.301143424941605e-2
 , 200.30670409094495,  5.305697064868059e-2
 , 200.36097293265135,  5.310253231695211e-2
 , 200.41524177435772,  5.314811924712823e-2
 ,  200.4695106160641,  5.319373175164738e-2
 ,  200.5237794577705, 5.3239369517263525e-2
 , 200.57804829947688,  5.328503274020138e-2
 , 200.63231714118325,  5.333072117023724e-2
 , 200.68658598288962, 5.3376435264044904e-2
 ,   200.740854824596, 5.3422174874760794e-2
 ,  200.7951236663024,  5.346793958019216e-2
 , 200.84939250800878,  5.351372992490137e-2
 , 200.90366134971515,  5.355954549780958e-2
 , 200.95793019142155,  5.360538681788644e-2
 , 201.01219903312793,  5.365125355732664e-2
 ,  201.0664678748343,  5.369714552202326e-2
 , 201.12073671654068,   5.37430634625591e-2
 , 201.17500555824708,  5.378900635975177e-2
 , 201.22927439995345,   5.38349744248666e-2
 , 201.28354324165983,   5.38809687297279e-2
 ,  201.3378120833662,  5.392698835878123e-2
 ,  201.3920809250726, 5.3973033520333905e-2
 , 201.44634976677898,   5.40191040992096e-2
 , 201.50061860848535,  5.406520034871124e-2
 , 201.55488745019173, 5.4111321852359465e-2
 , 201.60915629189813,  5.415746927864599e-2
 ,  201.6634251336045,  5.420364203119886e-2
 , 201.71769397531088,  5.424984036587004e-2
 , 201.77196281701725, 5.4296064322717774e-2
 , 201.82623165872366,   5.43423138107427e-2
 , 201.88050050043003,  5.438858899462436e-2
 ,  201.9347693421364,   5.44348896268875e-2
 ,  201.9890381838428,  5.448121580192661e-2
 , 202.04330702554918,   5.45275680871018e-2
 , 202.09757586725556, 5.4573945216384326e-2
 , 202.15184470896193,  5.462034864011633e-2
 , 202.20611355066833,  5.466677778666701e-2
 ,  202.2603823923747,   5.47132319616722e-2
 , 202.31465123408108,  5.475971169423671e-2
 , 202.36892007578746, 5.4806217803672945e-2
 , 202.42318891749386,  5.485274934144936e-2
 , 202.47745775920023,  5.489930632814248e-2
 ,  202.5317266009066, 5.4945889143838064e-2
 , 202.58599544261298, 5.4992497694372984e-2
 ,  202.6402642843194, 5.5039131800785734e-2
 , 202.69453312602576,  5.508579192447879e-2
 , 202.74880196773213,  5.513247738066031e-2
 ,  202.8030708094385, 5.5179189125316906e-2
 ,  202.8573396511449,  5.522592582351605e-2
 ,  202.9116084928513,  5.527268885617435e-2
 , 202.96587733455766,  5.531947740766353e-2
 , 203.02014617626406, 5.5366291716534344e-2
 , 203.07441501797044,  5.541313202598125e-2
 ,  203.1286838596768, 5.5459997815124326e-2
 ,  203.1829527013832,  5.550688952217917e-2
 ,  203.2372215430896,  5.555380698943195e-2
 , 203.29149038479596,  5.560075031583359e-2
 , 203.34575922650234,  5.564771943399319e-2
 ,  203.4000280682087, 5.5694714358107765e-2
 , 203.45429690991512,  5.574173518562821e-2
 ,  203.5085657516215,  5.578878177326524e-2
 , 203.56283459332786, 5.5835854405381025e-2
 , 203.61710343503424,  5.588295229610438e-2
 , 203.67137227674064,  5.593007667502807e-2
 , 203.72564111844702,   5.59772267062654e-2
 ,  203.7799099601534, 5.6024402466780435e-2
 , 203.83417880185976,  5.607160440428764e-2
 , 203.88844764356617,  5.611883201921766e-2
 , 203.94271648527254,  5.616608542963395e-2
 , 203.99698532697892,  5.621336490719774e-2
 ,  204.0512541686853,  5.626067058369705e-2
 ,  204.1055230103917,  5.630800188575638e-2
 , 204.15979185209807, 5.6355358905386156e-2
 , 204.21406069380444,  5.640274209165361e-2
 , 204.26832953551082, 5.6450151135875794e-2
 , 204.32259837721722,  5.649758639010694e-2
 ,  204.3768672189236, 5.6545047484982604e-2
 , 204.43113606062997, 5.6592534482425204e-2
 , 204.48540490233637, 5.6640047616477285e-2
 , 204.53967374404274,  5.668758656508378e-2
 , 204.59394258574912,  5.673515161409995e-2
 ,  204.6482114274555,   5.67827427143153e-2
 ,  204.7024802691619,  5.683035977830643e-2
 , 204.75674911086827, 5.6878002991953815e-2
 , 204.81101795257464, 5.6925671946002156e-2
 , 204.86528679428102,  5.697336735988935e-2
 , 204.91955563598742,  5.702108839180036e-2
 ,  204.9738244776938,  5.706883579190806e-2
 , 205.02809331940017,  5.711660878783325e-2
 , 205.08236216110654,   5.71644083651717e-2
 , 205.13663100281295,  5.721223397706338e-2
 , 205.19089984451932,   5.72600852664898e-2
 ,  205.2451686862257, 5.7307963224129364e-2
 , 205.29943752793207, 5.7355867003698595e-2
 , 205.35370636963847,  5.740379712661309e-2
 , 205.40797521134485,  5.745175306559251e-2
 , 205.46224405305122,  5.749973509506043e-2
 , 205.51651289475762,  5.754774357059513e-2
 ,   205.570781736464, 5.7595777977702885e-2
 , 205.62505057817037,  5.764383876128817e-2
 , 205.67931941987675, 5.7691925535235083e-2
 , 205.73358826158315,  5.774003857421405e-2
 , 205.78785710328953, 5.7788177777884635e-2
 ,  205.8421259449959,  5.783634307443531e-2
 , 205.89639478670227,  5.788453511037375e-2
 , 205.95066362840868,  5.793275251123067e-2
 , 206.00493247011505,  5.798099656232575e-2
 , 206.05920131182143, 5.8029266819809085e-2
 ,  206.1134701535278,  5.807756326988561e-2
 ,  206.1677389952342,  5.812588602320477e-2
 , 206.22200783694058,  5.817423507249944e-2
 , 206.27627667864695,  5.822261026645098e-2
 , 206.33054552035333,  5.827101192486709e-2
 , 206.38481436205973,  5.831943972486895e-2
 ,  206.4390832037661,  5.836789373686177e-2
 , 206.49335204547248, 5.8416374158804685e-2
 , 206.54762088717885,  5.846488085925623e-2
 , 206.60188972888525, 5.8513413873162716e-2
 , 206.65615857059163,  5.856197313245318e-2
 ,   206.710427412298,  5.861055891496838e-2
 ,  206.7646962540044, 5.8659170686228154e-2
 , 206.81896509571078,  5.870780930266855e-2
 , 206.87323393741715,  5.875647385304068e-2
 , 206.92750277912353,   5.88051650312354e-2
 , 206.98177162082993,  5.885388259764702e-2
 ,  207.0360404625363,  5.890262639222571e-2
 , 207.09030930424268, 5.8951396485432295e-2
 , 207.14457814594905,  5.900019307140861e-2
 , 207.19884698765546, 5.9049016464755924e-2
 , 207.25311582936183,   5.90978657966519e-2
 ,  207.3073846710682,  5.914674128211925e-2
 , 207.36165351277458,  5.919564407630667e-2
 , 207.41592235448098, 5.9244572783912305e-2
 , 207.47019119618736, 5.9293527992423434e-2
 , 207.52446003789373, 5.9342509243281855e-2
 ,  207.5787288796001, 5.9391517777436766e-2
 ,  207.6329977213065,  5.944055226498814e-2
 , 207.68726656301288, 5.9489613358042724e-2
 , 207.74153540471926,  5.953870101023664e-2
 , 207.79580424642563, 5.9587815219189606e-2
 , 207.85007308813204,   5.96369558152561e-2
 ,  207.9043419298384,  5.968612295921357e-2
 , 207.95861077154478,  5.973531659888093e-2
 ,  208.0128796132512,  5.978453705958988e-2
 , 208.06714845495756, 5.9833783632260246e-2
 , 208.12141729666394,  5.988305663627374e-2
 ,  208.1756861383703,  5.993235681430302e-2
 ,  208.2299549800767,   5.99816832564562e-2
 ,  208.2842238217831,   6.00310366771762e-2
 , 208.33849266348946, 6.0080416076648435e-2
 , 208.39276150519584,  6.012982227646127e-2
 , 208.44703034690224,  6.017925512618254e-2
 ,  208.5012991886086,  6.022871425746118e-2
 ,   208.555568030315, 6.0278200894856505e-2
 , 208.60983687202136,  6.032771342934298e-2
 , 208.66410571372776,  6.037725279433238e-2
 , 208.71837455543414,  6.042681882767199e-2
 ,  208.7726433971405, 6.0476411535455486e-2
 ,  208.8269122388469, 6.0526031275689236e-2
 ,  208.8811810805533,  6.057567694239535e-2
 , 208.93544992225966, 6.0625349596184874e-2
 , 208.98971876396604,  6.067504896219413e-2
 , 209.04398760567244, 6.0724775119378474e-2
 , 209.09825644737882,  6.077452781654353e-2
 ,  209.1525252890852,  6.082430748119985e-2
 , 209.20679413079156,  6.087411368321433e-2
 , 209.26106297249797, 6.0923946785201466e-2
 , 209.31533181420434,  6.097380657534877e-2
 , 209.36960065591072,  6.102369308630385e-2
 ,  209.4238694976171, 6.1073606460751835e-2
 ,  209.4781383393235,  6.112354647850941e-2
 , 209.53240718102987,  6.117351333493211e-2
 , 209.58667602273624,  6.122350712590238e-2
 , 209.64094486444262,  6.127352740131323e-2
 , 209.69521370614902,  6.132357467403887e-2
 ,  209.7494825478554,  6.137364862238549e-2
 , 209.80375138956177, 6.1423749564387745e-2
 , 209.85802023126814, 6.1473877449452596e-2
 , 209.91228907297454,  6.152403204577041e-2
 , 209.96655791468092,  6.157421320974844e-2
 ,  210.0208267563873, 6.1624421785588766e-2
 , 210.07509559809367,  6.167465703784287e-2
 , 210.12936443980007, 6.1724919041426636e-2
 , 210.18363328150645,  6.177520818185379e-2
 , 210.23790212321282,  6.182552396994335e-2
 ,  210.2921709649192,  6.187586642792909e-2
 ,  210.3464398066256,  6.192623641438263e-2
 , 210.40070864833197, 6.1976633068307814e-2
 , 210.45497749003835,  6.202705658555073e-2
 , 210.50924633174475, 6.2077507122216255e-2
 , 210.56351517345112, 6.2127984596205735e-2
 ,  210.6177840151575, 6.2178489081368755e-2
 , 210.67205285686387, 6.2229020404833524e-2
 , 210.72632169857027,  6.227957882792137e-2
 , 210.78059054027665,  6.233016447752383e-2
 , 210.83485938198302,  6.238077623437516e-2
 ,  210.8891282236894, 6.2431415874262985e-2
 ,  210.9433970653958,  6.248208247625408e-2
 , 210.99766590710217,  6.253277576435864e-2
 , 211.05193474880855,   6.25834962772929e-2
 , 211.10620359051492,  6.263424366903005e-2
 , 211.16047243222133,  6.268501852271582e-2
 ,  211.2147412739277,  6.273582000403834e-2
 , 211.26901011563407,  6.278664851981236e-2
 , 211.32327895734045,  6.283750431130058e-2
 , 211.37754779904685,  6.288838745666628e-2
 , 211.43181664075323,  6.293929735589023e-2
 ,  211.4860854824596,  6.299023424826164e-2
 ,   211.540354324166,   6.30411983042108e-2
 , 211.59462316587238,  6.309218958677268e-2
 , 211.64889200757875,  6.314320811401065e-2
 , 211.70316084928513,  6.319425362391821e-2
 , 211.75742969099153,  6.324532653116083e-2
 ,  211.8116985326979,  6.329642621647841e-2
 , 229.77468513751026,  8.176161514540362e-2
 ,  229.7204162958039,  8.170098634869535e-2
 ,  229.6661474540975,  8.164038821818088e-2
 , 229.61187861239114,  8.157982067702527e-2
 , 229.55760977068473,  8.151928352646555e-2
 , 229.50334092897836,  8.145877661423374e-2
 ,   229.449072087272,  8.139830066938077e-2
 , 229.39480324556558,  8.133785487005893e-2
 ,  229.3405344038592,   8.12774395706845e-2
 , 229.28626556215283,  8.121705474635393e-2
 , 229.23199672044646,  8.115670037900541e-2
 , 229.17772787874006,  8.109637641944402e-2
 , 229.12345903703368,   8.10360821853841e-2
 ,  229.0691901953273,  8.097581953648954e-2
 , 229.01492135362093,   8.09155867619275e-2
 , 228.96065251191453,  8.085538438061074e-2
 , 228.90638367020816,  8.079521178376593e-2
 , 228.85211482850178,  8.073507062954416e-2
 ,  228.7978459867954,  8.067495923858062e-2
 ,   228.743577145089,  8.061487806139536e-2
 , 228.68930830338263,  8.055482743372902e-2
 , 228.63503946167626,  8.049480692794933e-2
 , 228.58077061996988,  8.043481703708895e-2
 , 228.52650177826348,   8.03748570165373e-2
 ,  228.4722329365571,  8.031492738888697e-2
 , 228.41796409485073,  8.025502818141535e-2
 , 228.36369525314433,   8.01951589855653e-2
 , 228.30942641143795,  8.013532020739762e-2
 , 228.25515756973158,  8.007551160777221e-2
 ,  228.2008887280252,  8.001573323726364e-2
 ,  228.1466198863188,    7.9955985199828e-2
 , 228.09235104461243,  7.989626704185783e-2
 , 228.03808220290605,  7.983657935229876e-2
 , 227.98381336119968,  7.977692175649584e-2
 , 227.92954451949328,  7.971729433001393e-2
 ,  227.8752756777869,  7.965769713644086e-2
 , 227.82100683608053,  7.959812995397558e-2
 , 227.76673799437415,  7.953859285284351e-2
 , 227.71246915266775,     7.947908594531e-2
 , 227.65820031096138,  7.941960930487198e-2
 ,   227.603931469255,   7.93601623673123e-2
 , 227.54966262754863,  7.930074602147143e-2
 , 227.49539378584223,  7.924135935411944e-2
 , 227.44112494413585,  7.918200298419359e-2
 , 227.38685610242948,  7.912267637521188e-2
 ,  227.3325872607231,  7.906338017567865e-2
 ,  227.2783184190167,  7.900411395361961e-2
 , 227.22404957731032,  7.894487758218702e-2
 , 227.16978073560395,   7.88856713544679e-2
 , 227.11551189389758,  7.882649505994448e-2
 , 227.06124305219117,  7.876734869249881e-2
 ,  227.0069742104848,  7.870823231851504e-2
 , 226.95270536877842,  7.864914598638226e-2
 , 226.89843652707202,  7.859008958668369e-2
 , 226.84416768536565,  7.853106316097276e-2
 , 226.78989884365927,  7.847206668257457e-2
 ,  226.7356300019529,  7.841309998110874e-2
 ,  226.6813611602465,  7.835416323386736e-2
 , 226.62709231854012,  7.829525635380569e-2
 , 226.57282347683375,  7.823637953303021e-2
 , 226.51855463512737,  7.817753277934941e-2
 , 226.46428579342097,  7.811871524076865e-2
 ,  226.4100169517146,   7.80599287043683e-2
 , 226.35574811000822,  7.800117064068773e-2
 , 226.30147926830185,  7.794244315603994e-2
 , 226.24721042659544,  7.788374553998163e-2
 , 226.19294158488907,   7.78250774404552e-2
 ,  226.1386727431827,  7.776643926454253e-2
 , 226.08440390147632,  7.770783106368354e-2
 , 226.03013505976992,  7.764925249500168e-2
 , 225.97586621806354,  7.759070358233552e-2
 , 225.92159737635717,   7.75321846533631e-2
 , 225.86732853465077,   7.74736953591457e-2
 ,  225.8130596929444,  7.741523537802592e-2
 , 225.75879085123802,  7.735680590370125e-2
 , 225.70452200953164,  7.729840588207217e-2
 , 225.65025316782524,  7.724003541925131e-2
 , 225.59598432611887,  7.718169473535658e-2
 ,  225.5417154844125,  7.712338387757946e-2
 , 225.48744664270612,  7.706510240490497e-2
 , 225.43317780099972,  7.700685076211039e-2
 , 225.37890895929334,  7.694862876767518e-2
 , 225.32464011758697,  7.689043642363787e-2
 ,  225.2703712758806,  7.683227377960432e-2
 ,  225.2161024341742,  7.677414058553168e-2
 , 225.16183359246781,  7.671603697522057e-2
 , 225.10756475076144,  7.665796309122964e-2
 , 225.05329590905507,  7.659991886374531e-2
 , 224.99902706734866,  7.654190402960794e-2
 ,  224.9447582256423,  7.648391899180476e-2
 , 224.89048938393591,   7.64259636287882e-2
 ,  224.8362205422295,  7.636803736439086e-2
 , 224.78195170052314,  7.631014000507735e-2
 , 224.72768285881676,  7.625227377008077e-2
 ,  224.6734140171104,  7.619443659377918e-2
 , 224.61914517540401,   7.61366283247046e-2
 ,  224.5648763336976,  7.607884994471942e-2
 , 224.51060749199124,  7.602110098567981e-2
 , 224.45633865028486,  7.596338171055333e-2
 , 224.40206980857846,  7.590569113875337e-2
 ,  224.3478009668721,   7.58480309056973e-2
 ,  224.2935321251657,  7.579039974772278e-2
 , 224.23926328345934,  7.573279733240192e-2
 , 224.18499444175293,   7.56752259194921e-2
 , 224.13072560004656,  7.561768285774505e-2
 , 224.07645675834019,  7.556016941640593e-2
 ,  224.0221879166338,  7.550268531897521e-2
 ,  223.9679190749274,   7.54452305796624e-2
 , 223.91365023322103,   7.53878052618513e-2
 , 223.85938139151466,  7.533040929460916e-2
 , 223.80511254980829,  7.527304255189005e-2
 , 223.75084370810188,  7.521570532864211e-2
 ,  223.6965748663955,  7.515839733589885e-2
 , 223.64230602468913,  7.510111870478232e-2
 , 223.58803718298276,  7.504386936498277e-2
 , 223.53376834127636,  7.498664928714911e-2
 , 223.47949949956998,  7.492945856813696e-2
 ,  223.4252306578636,  7.487229699861636e-2
 ,  223.3709618161572,  7.481516491763388e-2
 , 223.31669297445083,  7.475806178516103e-2
 , 223.26242413274446,  7.470098804435603e-2
 , 223.20815529103808,  7.464394355650367e-2
 , 223.15388644933168,  7.458692828342697e-2
 ,  223.0996176076253,   7.45299422708693e-2
 , 223.04534876591893,  7.447298537790928e-2
 , 222.99107992421256,  7.441605770674845e-2
 , 222.93681108250615,  7.435915919711994e-2
 , 222.88254224079978,  7.430229016895953e-2
 ,  222.8282733990934,  7.424544970266296e-2
 , 222.77400455738703,  7.418863862531623e-2
 , 222.71973571568063,  7.413185673242857e-2
 , 222.66546687397425,   7.40751040293385e-2
 , 222.61119803226788,  7.401838036586253e-2
 ,  222.5569291905615,  7.396168582888082e-2
 ,  222.5026603488551,  7.390502043765919e-2
 , 222.44839150714873,  7.384838405999901e-2
 , 222.39412266544235,    7.3791776773324e-2
 , 222.33985382373595,  7.373519871615039e-2
 , 222.28558498202958,  7.367864944709693e-2
 ,  222.2313161403232,  7.362212934355751e-2
 , 222.17704729861683,   7.35656383330164e-2
 , 222.12277845691042,  7.350917704600336e-2
 , 222.06850961520405,  7.345274327462142e-2
 , 222.01424077349768,  7.339633920360664e-2
 ,  221.9599719317913,   7.33399642339538e-2
 ,  221.9057030900849,  7.328361816550871e-2
 , 221.85143424837852,  7.322730110720918e-2
 , 221.79716540667215,  7.317101295899399e-2
 , 221.74289656496578,  7.311475385857097e-2
 , 221.68862772325937,  7.305852395840369e-2
 ,   221.634358881553,  7.300232232503313e-2
 , 221.58009003984662,  7.294615002996342e-2
 , 221.52582119814025,  7.289000653390644e-2
 , 221.47155235643385,  7.283389200530885e-2
 , 221.41728351472747,  7.277780633912193e-2
 ,  221.3630146730211,  7.272174954684191e-2
 , 221.30874583131472,  7.266572173689585e-2
 , 221.25447698960832,   7.26097226996567e-2
 , 221.20020814790195,  7.255375246045599e-2
 , 221.14593930619557,   7.24978110870646e-2
 ,  221.0916704644892,  7.244189860192198e-2
 ,  221.0374016227828,  7.238601488039625e-2
 , 220.98313278107642,  7.233016003639282e-2
 , 220.92886393937005,   7.22743341787613e-2
 , 220.87459509766364,   7.22185367009064e-2
 , 220.82032625595727,  7.216276816350928e-2
 ,  220.7660574142509,   7.21070283808805e-2
 , 220.71178857254452,  7.205131740656769e-2
 , 220.65751973083812,  7.199563515599113e-2
 , 220.60325088913174,  7.193998169127208e-2
 , 220.54898204742537,  7.188435690717562e-2
 ,   220.494713205719,  7.182876081727468e-2
 ,  220.4404443640126,  7.177319349965673e-2
 , 220.38617552230622,  7.171765489599337e-2
 , 220.33190668059984,  7.166214494134844e-2
 , 220.27763783889347,  7.160666373877124e-2
 , 220.22336899718707,  7.155121100909374e-2
 ,  220.1691001554807,  7.149578705854572e-2
 , 220.11483131377432,  7.144039183711866e-2
 , 220.06056247206794,  7.138502508620755e-2
 , 220.00629363036154,  7.132968708661064e-2
 , 219.95202478865517,  7.127437766887242e-2
 ,  219.8977559469488,  7.121909683025339e-2
 ,  219.8434871052424,  7.116384457830477e-2
 , 219.78921826353601,  7.110862081675283e-2
 , 219.73494942182964,  7.105342606297406e-2
 , 219.68068058012327,  7.099825936348682e-2
 , 219.62641173841686,  7.094312140682958e-2
 ,  219.5721428967105,  7.088801208042152e-2
 ,  219.5178740550041,  7.083293126760987e-2
 , 219.46360521329774,    7.0777879042276e-2
 , 219.40933637159134,  7.072285511409594e-2
 , 219.35506752988496,  7.066786007803501e-2
 ,  219.3007986881786,   7.06128932761347e-2
 ,  219.2465298464722,  7.055795480020768e-2
 ,  219.1922610047658,  7.050304497970847e-2
 , 219.13799216305944,  7.044816357326686e-2
 , 219.08372332135306,  7.039331069733784e-2
 ,  219.0294544796467,   7.03384862840485e-2
 , 218.97518563794029,   7.02836904432696e-2
 ,  218.9209167962339,  7.022892253704106e-2
 , 218.86664795452754,  7.017418362322715e-2
 , 218.81237911282116,  7.011947275603592e-2
 , 218.75811027111476,  7.006479019853364e-2
 , 218.70384142940839,  7.001013669815567e-2
 ,   218.649572587702,  6.995551050145137e-2
 ,  218.5953037459956,  6.990091354317579e-2
 , 218.54103490428923,   6.98463447270637e-2
 , 218.48676606258286,   6.97918046112038e-2
 , 218.43249722087648,  6.973729215707439e-2
 , 218.37822837917008,  6.968280839417731e-2
 ,  218.3239595374637,  6.962835240844113e-2
 , 218.26969069575733,  6.957392537286948e-2
 , 218.21542185405096,  6.951952637957165e-2
 , 218.16115301234456,  6.946515575845004e-2
 , 218.10688417063818,  6.941081345183948e-2
 ,  218.0526153289318,  6.935649930193072e-2
 , 217.99834648722543,  6.930221363842443e-2
 , 217.94407764551903,  6.924795602624502e-2
 , 217.88980880381266,  6.919372644511665e-2
 , 217.83553996210628,  6.913952529221873e-2
 ,  217.7812711203999,  6.908535249744453e-2
 ,  217.7270022786935,  6.903120783492117e-2
 , 217.67273343698713,  6.897709161660583e-2
 , 217.61846459528076,  6.892300300784113e-2
 , 217.56419575357438,   6.88689428938251e-2
 , 217.50992691186798,   6.88149111276589e-2
 ,  217.4556580701616,  6.876090722803903e-2
 , 217.40138922845523,   6.87069316409114e-2
 , 217.34712038674883,  6.865298416214821e-2
 , 217.29285154504245,  6.859906495818405e-2
 , 217.23858270333608,  6.854517362673135e-2
 ,  217.1843138616297,  6.849131044150931e-2
 ,  217.1300450199233,  6.843747546706004e-2
 , 217.07577617821693,    6.8383668876631e-2
 , 217.02150733651055,  6.832988973150579e-2
 , 216.96723849480418,  6.827613896620305e-2
 , 216.91296965309778,  6.822241640153764e-2
 ,  216.8587008113914,   6.81687215192276e-2
 , 216.80443196968503,  6.811505508601602e-2
 , 216.75016312797865,  6.806141648067404e-2
 , 216.69589428627225,  6.800780594757756e-2
 , 216.64162544456588,  6.795422354457188e-2
 ,  216.5873566028595,  6.790066895015658e-2
 , 216.53308776115313,  6.784714252149827e-2
 , 216.47881891944672,  6.779364395701627e-2
 , 216.42455007774035,  6.774017329628738e-2
 , 216.37028123603397,  6.768673069447165e-2
 , 216.31601239432757,  6.763331632736659e-2
 ,  216.2617435526212,  6.757992987029654e-2
 , 216.20747471091482,  6.752657076818297e-2
 , 216.15320586920845,  6.747323985767563e-2
 , 216.09893702750205,  6.741993703018517e-2
 , 216.04466818579567,  6.736666187135111e-2
 ,  215.9903993440893,  6.731341501421524e-2
 , 215.93613050238292,  6.726019568527548e-2
 , 215.88186166067652,  6.720700450154199e-2
 , 215.82759281897015,  6.715384105378125e-2
 , 215.77332397726377,  6.710070547321313e-2
 ,  215.7190551355574,  6.704759776952493e-2
 ,   215.664786293851,  6.699451786888672e-2
 , 215.61051745214462,  6.694146588145257e-2
 , 215.55624861043825,  6.688844168198507e-2
 , 215.50197976873187,  6.683544527281568e-2
 , 215.44771092702547,  6.678247668002307e-2
 ,  215.3934420853191,  6.672953595411271e-2
 , 215.33917324361272,  6.667662282375017e-2
 , 215.28490440190635,  6.662373752219587e-2
 , 215.23063556019994,   6.65708801606782e-2
 , 215.17636671849357,  6.651805042426863e-2
 ,  215.1220978767872,  6.646524844419012e-2
 , 215.06782903508082,  6.641247418821741e-2
 , 215.01356019337442,  6.635972772057827e-2
 , 214.95929135166804,  6.630700880421816e-2
 , 214.90502250996167,  6.625431789603159e-2
 , 214.85075366825527,  6.620165449448293e-2
 ,  214.7964848265489,  6.614901883450289e-2
 , 214.74221598484252,  6.609641081043277e-2
 , 214.68794714313614,  6.604383048802255e-2
 , 214.63367830142974,  6.599127781723563e-2
 , 214.57940945972337,  6.593875283254244e-2
 ,   214.525140618017,   6.58862554536917e-2
 , 214.47087177631062,   6.58337857147421e-2
 ,  214.4166029346042,  6.578134361734518e-2
 , 214.36233409289784,  6.572892924593922e-2
 , 214.30806525119146,   6.56765422909405e-2
 ,  214.2537964094851,  6.562418293537944e-2
 ,  214.1995275677787,  6.557185066265064e-2
 ,  214.1452587260723,  6.551954713376308e-2
 , 214.09098988436594,   6.54672705744255e-2
 , 214.03672104265956,  6.541502134213611e-2
 , 213.98245220095316,  6.536280010439427e-2
 ,  213.9281833592468,  6.531060592331048e-2
 ,  213.8739145175404,  6.525843975332271e-2
 ,   213.819645675834,  6.520630095548935e-2
 , 213.76537683412764,  6.515418926334181e-2
 , 213.71110799242126,  6.510210553988799e-2
 ,  213.6568391507149,  6.505004927653193e-2
 , 213.60257030900848,  6.499802041466037e-2
 ,  213.5483014673021,  6.494601903319912e-2
 ,             212.68,               6.41e-2 ])
([-2.570489872752561,-2.5631740527765365,-2.5558497368453033,-2.548516930899558,-2.5411756411434685,-2.533825874046334,-2.526467636344275,-2.5191009350418883,-2.5117257774139174,-2.504342171006891,-2.4969501236408034,-2.489549643410739,-2.4821407386885332,-2.4747234181244013,-2.467297690648565,-2.4598635654728933,-2.452421052092512,-2.444970160287416,-2.4375109001240896,-2.430043281957097,-2.4225673164306687,-2.415083014480292,-2.4075903873342983,-2.400089446515414,-2.3925802038423387,-2.3850626714312764,-2.377536861697497,-2.3700027873568534,-2.3624604614273195,-2.3549098972304887,-2.3473511083930867,-2.3397841088484586,-2.3322089128380514,-2.3246255349128786,-2.317033989934986,-2.30943429307889,-2.3018264598330114,-2.2942105060011087,-2.286586447703662,-2.278954301379293,-2.2713140837861117,-2.2636658120031337,-2.2560095034315744,-2.2483451757962247,-2.240672847146761,-2.232992535859064,-2.22530426063648,-2.2176080405111147,-2.2099038948451084,-2.2021918433318435,-2.1944719059971862,-2.1867441032007036,-2.1790084556368265,-2.171264984336034,-2.163513710666011,-2.1557546563327805,-2.1479878433817863,-2.140213294199041,-2.132431031512141,-2.1246410783913756,-2.116843458250712,-2.1090381948488317,-2.101225312290117,-2.0934048350256096,-2.0855767878539737,-2.0777411959223864,-2.0698980847274746,-2.062047480116164,-2.05418940828655,-2.0463238957887153,-2.0384509695255293,-2.0305706567534365,-2.0226829850832058,-2.014787982480669,-2.0068856772674,-1.9989760981214133,-1.9910592740778037,-1.9831352345293656,-1.9752040092271923,-1.9672656282812404,-1.959320122160874,-1.9513675216953759,-1.9434078580744125,-1.9354411628484982,-1.9274674679294375,-1.9194868055906786,-1.9114992084677092,-1.9035047095583708,-1.895503342223171,-1.8874951401855518,-1.879480137532107,-1.8714583687128368,-1.863429868541265,-1.855394672194636,-1.8473528152139793,-1.8393043335042139,-1.831249263334164,-1.823187641336618,-1.8151195045082336,-1.8070448902095433,-1.7989638361648137,-1.790876380461949,-1.7827825615522876,-1.774682418250457,-1.7665759897340827,-1.7584633155435438,-1.750344435581662,-1.74221939011336,-1.734088219765266,-1.7259509655252956,-1.7178076687422061,-1.709658371125098,-1.7015031147428823,-1.6933419420236897,-1.685174895754302,-1.6770020190794688,-1.6688233555012195,-1.6606389488781723,-1.6524488434247302,-1.644253083710308,-1.6360517146584461,-1.6278447815459836,-1.6196323300020703,-1.6114144060072522,-1.6031910558924483,-1.5949623263378934,-1.5867282643720682,-1.5784889173705614,-1.570244333054907,-1.561994559491383,-1.5537396450897318,-1.5454796386019019,-1.5372145891206939,-1.5289445460783913,-1.520669559245333,-1.5123896787284814,-1.504104954969888,-1.4958154387451774,-1.4875211811619524,-1.4792222336581664,-1.4709186480004453,-1.4626104762824026,-1.4542977709228595,-1.445980584664075,-1.4376589705698788,-1.429332982023842,-1.4210026727272662,-1.412668096697328,-1.404329308265005,-1.3959863620730324,-1.3876393130738567,-1.379288216527443,-1.3709331279991421,-1.3625741033574685,-1.3542111987718495,-1.3458444707102917,-1.3374739759370968,-1.329099771510429,-1.3207219147799296,-1.3123404633842273,-1.303955475248439,-1.2955670085816378,-1.287175121874264,-1.2787798738954839,-1.270381323690524,-1.2619795305779726,-1.253574554147041,-1.2451664542547698,-1.2367552910231707,-1.2283411248364198,-1.2199240163379115,-1.2115040264273067,-1.2030812162575937,-1.1946556472320449,-1.1862273810011226,-1.1777964794594713,-1.1693630047426804,-1.1609270192241896,-1.1524885855120433,-1.1440477664456616,-1.1356046250925793,-1.1271592247450708,-1.1187116289168504,-1.1102619013396806,-1.1018101059599168,-1.0933563069351147,-1.0849005686304531,-1.0764429556152872,-1.0679835326595637,-1.0595223647302228,-1.0510595169875652,-1.042595054781653,-1.0341290436485568,-1.0256615493066685,-1.0171926376529665,-1.0087223747592162,-1.0002508268681576,-0.991778060389673,-0.9833041418969587,-0.9748291381225371,-0.9663531159544263,-0.9578761424321592,-0.9493982847427322,-0.9409196102167338,-0.9324401863241784,-0.9239600806705547,-0.9154793609926467,-0.9069980951544765,-0.8985163511431903,-0.8900341970648104,-0.8815517011401807,-0.8730689317006168,-0.8645859571837723,-0.8561028461293866,-0.8476196671749512,-0.839136489051402,-0.8306533805789118,-0.8221704106624416,-0.8136876482873749,-0.8052051625152054,-0.7967230224791014,-0.7882412973794326,-0.7797600564794037,-0.7712793691005164,-0.7627993046181183,-0.7543199324569095,-0.745841322086382,-0.7373635430163008,-0.7288866647920879,-0.7204107569902841,-0.7119358892139287,-0.703462131087898,-0.6949895522542942,-0.6865182223677102,-0.6780482110905924,-0.6695795880884647,-0.6611124230251957,-0.652646785558204,-0.6441827453337401,-0.6357203719818937,-0.6272597351118,-0.618800904306823,-0.6103439491194693,-0.6018889390664668,-0.5934359436237499,-0.5849850322214155,-0.5765362742384739,-0.5680897389978122,-0.5596454957608983,-0.551203613722391,-0.5427641620048969,-0.5343272096533435,-0.5258928256295372,-0.5174610788063904,-0.5090320379621576,-0.5006057717745711,-0.49218234881468903,-0.48376183754068836,-0.47534430629144747,-0.46692982327989296,-0.4585184565861437,-0.45011027415036486,-0.4417053437652619,-0.4333037330683485,-0.4249055095337418,-0.41651074046343717,-0.40811949297812966,-0.3997318340075533,-0.3913478302798334,-0.3829675483103343,-0.3745910543894343,-0.3662184145691169,-0.35784969464874666,-0.3494849601587977,-0.3411242763432735,-0.33276770814005985,-0.32441532015873403,-0.31606717665582024,-0.3077233415064805,-0.29938387817229184,-0.2910488496643341,-0.28271831850038553,-0.27439234665524914,-0.26607099550253765,-0.25775432574587454,-0.24944239733772414,-0.2411352693820778,-0.23283300001709842,-0.22453564627350958,-0.2162432639008366,-0.207955907153843,-0.19967362852703222,-0.19139647842170043,-0.1831245047245794,-0.17485775226875358,-0.16659626213649986,-0.15834007074657674,-0.150089208643709,-0.14184369886964476,-0.13360355473625,2.0738506170148723,2.068905348575643,2.0639505674025,2.0589862556447494,2.0540123954811493,2.049028969120782,2.044035958803903,2.0390333468028294,2.034021115422819,2.028999247002958,2.0239677239170626,2.0189265285745837,2.013875643421545,2.0088150509414193,2.003744733656118,1.998664674126896,1.9935748549553176,1.988475258784207,1.9833658682986124,1.9782466662267986,1.9731176353412223,1.9679787584595185,1.9628300184455074,1.957671398210219,1.9525028807128895,1.9473244489619996,1.9421360860163157,1.936937774985933,1.9317294990333422,1.9265112413744676,1.9212829852797515,1.9160447140752477,1.9107964111437046,1.90553805992566,1.9002696439205544,1.894991146687841,1.8897025518481358,1.8844038430843224,1.8790950041427215,1.8737760188342378,1.868446871035515,1.8631075446901197,1.8577580238097195,1.8523982924752722,1.8470283348382253,1.84164813512174,1.836257677621878,1.8308569467088602,1.8254459268282912,1.820024602502407,1.8145929583313245,1.8091509789943256,1.8036986492511053,1.7982359539430794,1.7927628779946438,1.7872794064145294,1.781785524297065,1.7762812168234974,1.7707664692633829,1.765241266975846,1.7597055954109657,1.754159440111151,1.748602786712475,1.7430356209460542,1.7374579286394636,1.7318696957180977,1.726270908206584,1.7206615522301945,1.7150416140162927,1.7094110798957134,1.7037699363042451,1.6981181697840637,1.6924557669852016,1.6867827146669905,1.6810989996995538,1.6754046090653008,1.6696995298603978,1.663983749296288,1.6582572547011951,1.652520033521647,1.6467720733240065,1.641013361796001,1.6352438867482677,1.629463636115939,1.6236725979601718,1.6178707604697096,1.61205811196251,1.6062346408873103,1.6004003358251875,1.5945551854912472,1.5886991787361542,1.5828323045477941,1.5769545520529245,1.5710659105187559,1.5651663693546443,1.5592559181137426,1.5533345464946335,1.547402244343029,1.541459001653432,1.535504808570814,1.5295396553923486,1.523563532569046,1.517576430707522,1.5115783405716805,1.5055692530844285,1.4995491593294252,1.4935180505528285,1.4874759181649786,1.4814227537422244,1.4753585490286187,1.469283295937708,1.4631969865543084,1.457099613136256,1.4509911681161916,1.4448716441033822,1.4387410338854636,1.432599330430273,1.426446526887652,1.420282616591239,1.414107593060287,1.4079214500015054,1.4017241813108572,1.395515781075417,1.389296243575174,1.3830655632849125,1.3768237348760186,1.370570753218339,1.36430661338205,1.358031310639501,1.3517448404670738,1.345447198547047,1.3391383807694908,1.3328183832340674,1.3264872022519953,1.3201448343478654,1.313791276261528,1.3074265249500205,1.3010505775893677,1.2946634315765613,1.2882650845313812,1.2818555342983122,1.2754347789484484,1.2690028167813558,1.262559646326999,1.2561052663476064,1.2496396758395838,1.2431628740354217,1.2366748604055686,1.2301756346603325,1.2236651967517942,1.2171435468756928,1.2106106854732994,1.2040666132333528,1.197511331093936,1.1909448402443386,1.1843671421269975,1.1777782384393518,1.171178131135719,1.1645668224292203,1.1579443147936164,1.151310610965211,1.144665713944716,1.1380096269991304,1.1313423536635694,1.1246638977431886,1.117974263314995,1.1112734547297116,1.1045614766136174,1.0978383338704107,1.0911040316830225,1.0843585755154812,1.0776019711146638,1.0708342245122007,1.0640553420262209,1.0572653302631962,1.0504641961197076,1.0436519467842424,1.0368285897389797,1.029994132761543,1.0231485839267906,1.0162919516085067,1.009424244481242,1.0025454715219257,0.9956556420116869,0.9887547655374996,0.981842851993912,0.9749199115847326,0.9679859548246789,0.9610409925410762,0.9540850358754739,0.9471180962853123,0.9401401855454976,0.9331513157500564,0.9261514993137364,0.9191407489735108,0.9121190777902171,0.9050864991500839,0.8980430267662465,0.8909886746802621,0.883923457263613,0.876847389219211,0.869760485582782,0.8626627617244028,0.8555542333498687,0.8484349165020979,0.8413048275625098,0.8341639832524416,0.8270124006344008,0.8198500971134297,0.8126770904384484,0.8054933987034081,0.7982990403486874,0.7910940341621724,0.7838783992805451,0.776652155190444,0.7694153217296201,0.7621679190880029,0.7549099678088018,0.7476414887896848,0.7403625032836538,0.7330730329001213,0.7257730996059159,0.7184627257261448,0.7111419339451511,0.7038107473073717,0.6964691892181987,0.6891172834447138,0.6817550541165434,0.6743825257264862,0.6669997231312582,0.659606671552148,0.6522033965755426,0.6447899241535333,0.6373662806044181,0.6299324926131153,0.6224885872316394,0.6150345918793886,0.6075705343434662,0.6000964427788773,0.5926123457088115,0.5851182720246018,0.57761425098591,0.5701003122205222,0.56257648572445,0.55504280186156,0.5474992913633846,0.5399459853287247,0.5323829152231956,0.5248101128785734,0.517227610492252,0.5096354406263024,0.50203363620652,0.494422230521423,0.48680125722089435,0.4791707503147637,0.4715307441713522,0.46388127351540803,0.45622237342619987,0.44855407933518376,0.4408764270233829,0.4331894526185405,0.4254931925918489,0.4177876837543324,0.4100729632527159,0.4023490685649355,0.3946160374949879,0.3868739081671872,0.3791227190196657,0.3713625087971771,0.3635933165427199,0.35581518158837694,0.34802814354466916,0.3402322422885979,0.3324275179498955,0.32461401089550374,0.31679176171151535,0.30896081118239443,0.3011212002674395,0.2932729700726994,0.2854161618189184,0.2775508168037817,0.26967697635759236,0.2617946817908039,0.2539039743321108,0.24600489505415687,0.23809748478474257,0.23018178399949216,0.2222578326914124,0.21432567021147056,0.20638533507197157,0.1984368647025266,0.19048029514435733,0.18251566066395639,0.17454299326011286,0.16656232202828594,0.15857367233093095,0.15057706470180066,0.14257251337867236,0.13456002430696498,0.12653959237971418,0.0],(601><2)
 [ 198.25103478901266,  4.372763845268393e-2
 , 198.30195580440346,   4.37923126163262e-2
 , 198.35283701640824,  4.385698677996847e-2
 , 198.40367840444742, 4.3921660943610746e-2
 , 198.45447986614604,  4.398633510725302e-2
 , 198.50524180070647, 4.4051009270895294e-2
 , 198.55596365536428,  4.411568343453757e-2
 , 198.60664592059337,  4.418035759817984e-2
 , 198.65728891208795,  4.424503176182211e-2
 , 198.70789243549396,  4.430970592546439e-2
 , 198.75845667197936,  4.437438008910666e-2
 ,  198.8089816674443,  4.443905425274893e-2
 , 198.85946751506327, 4.4503728416391206e-2
 , 198.90991428932196,  4.456840258003348e-2
 , 198.96032209890646, 4.4633076743675754e-2
 , 199.01069099901582,  4.469775090731803e-2
 , 199.06102109193253,   4.47624250709603e-2
 , 199.11131264095275,  4.482709923460257e-2
 ,  199.1615651886872,  4.489177339824485e-2
 , 199.21177946898462,  4.495644756188712e-2
 , 199.26195504130516,   4.50211217255294e-2
 , 199.31209234160428, 4.5085795889171665e-2
 , 199.36219134329903,  4.515047005281394e-2
 , 199.41225201161566,  4.521514421645621e-2
 ,  199.4622748265517,  4.527981838009849e-2
 , 199.51225938705497,  4.534449254374076e-2
 ,  199.5622054401056,  4.540916670738303e-2
 , 199.61211421235333,  4.547384087102531e-2
 , 199.66198502755853, 4.5538515034667576e-2
 ,  199.7118178441122,  4.560318919830986e-2
 , 199.76161354667454, 4.5667863361952124e-2
 ,  199.8113713934546,   4.57325375255944e-2
 , 199.86109160484102,  4.579721168923667e-2
 , 199.91077432946986, 4.5861885852878946e-2
 , 199.96041986611584,  4.592656001652122e-2
 , 200.01002809663618,  4.599123418016349e-2
 , 200.05959913068537,  4.605590834380577e-2
 , 200.10913345406954, 4.6120582507448035e-2
 , 200.15862988972233, 4.6185256671090316e-2
 , 200.20808967175338,  4.624993083473258e-2
 , 200.25751291864344,  4.631460499837486e-2
 , 200.30689923379398,  4.637927916201713e-2
 , 200.35624873768285, 4.6443953325659405e-2
 ,    200.40556157811,  4.650862748930168e-2
 , 200.45483794689895, 4.6573301652943946e-2
 , 200.50407770511592,  4.663797581658623e-2
 , 200.55328098024785, 4.6702649980228494e-2
 , 200.60244790947118, 4.6767324143870775e-2
 , 200.65157881678124,  4.683199830751304e-2
 , 200.70067336954577, 4.6896672471155317e-2
 , 200.74973182471604,  4.696134663479759e-2
 , 200.79875425739877, 4.7026020798439865e-2
 , 200.84774063623263,  4.709069496208214e-2
 ,  200.8966907833977, 4.7155369125724406e-2
 , 200.94560556904352,  4.722004328936669e-2
 , 200.99448480244436, 4.7284717453008954e-2
 ,  201.0433280688888, 4.7349391616651235e-2
 ,  201.0921352526975,   4.74140657802935e-2
 ,  201.1409078472324, 4.7478739943935776e-2
 , 201.18964454753055,  4.754341410757805e-2
 , 201.23834583697368, 4.7608088271220324e-2
 , 201.28701181198704,   4.76727624348626e-2
 ,  201.3356425594535, 4.7737436598504865e-2
 , 201.38423810820967, 4.7802110762147146e-2
 , 201.43279837428898,  4.786678492578941e-2
 ,  201.4813241194221, 4.7931459089431694e-2
 , 201.52981422707538,  4.799613325307396e-2
 , 201.57827007152756, 4.8060807416716235e-2
 , 201.62669084901023,  4.812548158035851e-2
 , 201.67507688185765,  4.819015574400078e-2
 ,  201.7234282416268,  4.825482990764306e-2
 ,  201.7717449949362, 4.8319504071285324e-2
 , 201.82002733120845, 4.8384178234927605e-2
 ,  201.8682749640913,  4.844885239856987e-2
 , 201.91648832172683, 4.8513526562212146e-2
 , 201.96466736165044,  4.857820072585442e-2
 , 202.01281212124397, 4.8642874889496694e-2
 , 202.06092270295102,  4.870754905313897e-2
 ,  202.1089991589233,  4.877222321678124e-2
 , 202.15704175318592, 4.8836897380423516e-2
 ,  202.2050496946775,  4.890157154406579e-2
 , 202.25302462575095, 4.8966245707708064e-2
 ,  202.3009651472278,  4.903091987135033e-2
 ,  202.3488721132378,  4.909559403499261e-2
 , 202.39674517442074,  4.916026819863488e-2
 ,  202.4445847155857,  4.922494236227715e-2
 , 202.49239069007123,  4.928961652591943e-2
 , 202.54016298696794,   4.93542906895617e-2
 , 202.58790204336066, 4.9418964853203975e-2
 ,  202.6356075069659,  4.948363901684625e-2
 ,  202.6832797712612, 4.9548313180488524e-2
 ,   202.730918606095,  4.961298734413079e-2
 , 202.77852459461553,  4.967766150777307e-2
 , 202.82609748671499,  4.974233567141534e-2
 , 202.87363693409773,  4.980700983505761e-2
 , 202.92114348280842,  4.987168399869989e-2
 , 202.96861726628347,  4.993635816234216e-2
 , 203.01605760229958, 5.0001032325984435e-2
 , 203.06346611183534,  5.006570648962671e-2
 , 203.11084144113264,  5.013038065326898e-2
 , 203.15818435767184,  5.019505481691125e-2
 , 203.20549410985882,  5.025972898055353e-2
 ,  203.2527715994869,   5.03244031441958e-2
 ,  203.3000166145595,  5.038907730783807e-2
 , 203.34722935521324, 5.0453751471480346e-2
 , 203.39440951412723,  5.051842563512262e-2
 , 203.44155747578893, 5.0583099798764894e-2
 ,  203.4886730671101,  5.064777396240717e-2
 ,  203.5357565432524,  5.071244812604944e-2
 ,   203.582808144877,  5.077712228969171e-2
 ,  203.6298274943801,  5.084179645333399e-2
 , 203.67681495394024,  5.090647061697626e-2
 , 203.72377030311335,  5.097114478061853e-2
 ,  203.7706941425563, 5.1035818944260805e-2
 , 203.81758581936836,  5.110049310790308e-2
 , 203.86444617194115,  5.116516727154535e-2
 , 203.91127450478425,  5.122984143518763e-2
 ,  203.9580712353175,   5.12945155988299e-2
 ,   204.004836373809,  5.135918976247217e-2
 , 204.05157012336312,  5.142386392611445e-2
 , 204.09827245738984, 5.1488538089756716e-2
 , 204.14494356081667,  5.155321225339899e-2
 ,  204.1915829878704, 5.1617886417041264e-2
 , 204.23819134928178,  5.168256058068354e-2
 , 204.28476851231406,  5.174723474432581e-2
 ,   204.331314543621, 5.1811908907968086e-2
 , 204.37782952055903,  5.187658307161036e-2
 ,  204.4243137657929,  5.194125723525263e-2
 , 204.47076639173548,  5.200593139889491e-2
 , 204.51718841713674, 5.2070605562537176e-2
 ,  204.5635796329446,  5.213527972617945e-2
 ,  204.6099402503446, 5.2199953889821724e-2
 , 204.65626973695237,    5.2264628053464e-2
 , 204.70256904666783,  5.232930221710627e-2
 , 204.74883717050662, 5.2393976380748546e-2
 , 204.79507502340624,  5.245865054439082e-2
 , 204.84128246595074,  5.252332470803309e-2
 ,  204.8874594215054,  5.258799887167537e-2
 , 204.93360580623752, 5.2652673035317635e-2
 , 204.97972225139944,  5.271734719895991e-2
 , 205.02580792762015,  5.278202136260218e-2
 , 205.07186394057868,  5.284669552624446e-2
 ,  205.1178891665313,  5.291136968988673e-2
 , 205.16388456288084, 5.2976043853529005e-2
 , 205.20984996588655,  5.304071801717128e-2
 ,  205.2557853368611, 5.3105392180813546e-2
 ,  205.3016907890301,  5.317006634445583e-2
 ,  205.3475663666894, 5.3234740508098094e-2
 , 205.39341237704696,  5.329941467174037e-2
 , 205.43922814517467,  5.336408883538264e-2
 , 205.48501427248402, 5.3428762999024916e-2
 ,  205.5307709774462,  5.349343716266719e-2
 ,  205.5764979354049, 5.3558111326309464e-2
 , 205.62219534089368,  5.362278548995174e-2
 , 205.66786327438703, 5.3687459653594005e-2
 ,  205.7135020147501, 5.3752133817236286e-2
 ,  205.7591108755804,  5.381680798087855e-2
 , 205.80469083505545,  5.388148214452083e-2
 , 205.85024083124094,   5.39461563081631e-2
 , 205.89576260837222, 5.4010830471805375e-2
 , 205.94125432752645,  5.407550463544765e-2
 , 205.98671743431393,  5.414017879908992e-2
 , 206.03215118373922,   5.42048529627322e-2
 , 206.07755606306077, 5.4269527126374464e-2
 , 206.12293198135674, 5.4334201290016745e-2
 , 206.16827887223346,  5.439887545365901e-2
 , 206.21359704994921, 5.4463549617301286e-2
 ,  206.2588865136898,  5.452822378094356e-2
 , 206.30414693757325, 5.4592897944585835e-2
 , 206.34937861469703,  5.465757210822811e-2
 , 206.39458190806718,  5.472224627187038e-2
 ,  206.4397564833519,  5.478692043551266e-2
 ,  206.4849025239374,  5.485159459915493e-2
 ,  206.5300198306392, 5.4916268762797205e-2
 , 206.57510913875115,  5.498094292643947e-2
 , 206.62016981332985, 5.5045617090081746e-2
 , 206.66520221885506,  5.511029125372402e-2
 , 206.71020628946454, 5.5174965417366294e-2
 ,  206.7551820032875,  5.523963958100857e-2
 , 206.80012985073873,  5.530431374465084e-2
 ,  206.8450491066824, 5.5368987908293116e-2
 ,   206.889940714038,  5.543366207193539e-2
 , 206.93480366719612, 5.5498336235577664e-2
 ,   206.979639245397,  5.556301039921993e-2
 ,  207.0244466330751, 5.5627684562862205e-2
 , 207.06922609671423,  5.569235872650448e-2
 , 207.11397794615962,  5.575703289014675e-2
 , 207.15870185105032,  5.582170705378903e-2
 , 207.20339780569202,   5.58863812174313e-2
 , 207.24806641863654, 5.5951055381073575e-2
 , 207.29270721474714,  5.601572954471585e-2
 , 207.33732044006265,  5.608040370835812e-2
 ,  207.3819059426374,  5.614507787200039e-2
 ,  207.4264638971359, 5.6209752035642664e-2
 ,  207.4709947272947,  5.627442619928494e-2
 , 207.51549794643597,  5.633910036292721e-2
 , 207.55997405686148, 5.6403774526569486e-2
 , 207.60442276654106,  5.646844869021176e-2
 ,  207.6488441739238, 5.6533122853854034e-2
 , 207.69323829457974,  5.659779701749631e-2
 , 207.73760530397257,  5.666247118113858e-2
 , 207.78194515911395,  5.672714534478085e-2
 ,  207.8262578450896,  5.679181950842312e-2
 , 207.87054337245598,   5.68564936720654e-2
 , 207.91480261063498,  5.692116783570767e-2
 , 207.95903443258834, 5.6985841999349945e-2
 , 208.00323943005395,  5.705051616299222e-2
 ,  208.0474175922788,  5.711519032663449e-2
 , 208.09156896791853,  5.717986449027677e-2
 ,  208.1356936126963,  5.724453865391904e-2
 , 208.17979153396462,  5.730921281756131e-2
 , 208.22386288417442,  5.737388698120358e-2
 , 208.26790757909606,  5.743856114484586e-2
 , 208.31192578894778,  5.750323530848813e-2
 , 208.35591737044362, 5.7567909472130405e-2
 , 208.39988239461573,  5.763258363577268e-2
 , 208.44382122087043,  5.769725779941495e-2
 ,   208.487733873189,  5.776193196305723e-2
 , 208.53161953851506,   5.78266061266995e-2
 , 208.57547923221657,  5.789128029034177e-2
 , 208.61931274145053,  5.795595445398404e-2
 , 208.66312013288913, 5.8020628617626316e-2
 , 208.70690169019866,  5.808530278126859e-2
 , 208.75065625463355, 5.8149976944910864e-2
 , 208.79438525095804,  5.821465110855314e-2
 , 208.83808823094088,  5.827932527219541e-2
 ,  208.8817652503638, 5.8343999435837686e-2
 , 208.92541670864657,  5.840867359947996e-2
 , 208.96904161110066,  5.847334776312223e-2
 , 209.01264097282834,   5.85380219267645e-2
 ,  209.0562144263513, 5.8602696090406775e-2
 , 209.09976232812008,  5.866737025404905e-2
 , 209.14328430168106,  5.873204441769132e-2
 , 209.18678080413386,   5.87967185813336e-2
 , 209.23025159690474,  5.886139274497587e-2
 , 209.27369707649456, 5.8926066908618145e-2
 , 209.31711660149006,  5.899074107226042e-2
 , 209.36051078813514, 5.9055415235902686e-2
 ,  209.4038796000111,  5.912008939954496e-2
 , 209.44722291167875, 5.9184763563187234e-2
 , 209.49054120608295,  5.924943772682951e-2
 , 209.53383359004005,  5.931411189047178e-2
 , 209.57710098278287, 5.9378786054114056e-2
 , 209.62034313632697,  5.944346021775633e-2
 , 209.66356003268436, 5.9508134381398604e-2
 ,  209.7067517773294,  5.957280854504088e-2
 , 209.74991863894894, 5.9637482708683145e-2
 , 209.79306032898742, 5.9702156872325426e-2
 ,  209.8361769301903, 5.9766831035967694e-2
 , 209.87926857690076,  5.983150519960997e-2
 ,  209.9223352439449,  5.989617936325224e-2
 , 209.96537713283368, 5.9960853526894516e-2
 , 210.00839404245463,  6.002552769053679e-2
 , 210.05138610771317, 6.0090201854179064e-2
 ,  210.0943537494042,  6.015487601782134e-2
 ,  210.1372958664032,  6.021955018146361e-2
 , 210.18021418509056,  6.028422434510588e-2
 , 210.22310727310105,  6.034889850874815e-2
 , 210.26597600206495,  6.041357267239043e-2
 , 210.30882027783846,   6.04782468360327e-2
 , 210.35163963963586, 6.0542920999674975e-2
 , 210.39443481268938,  6.060759516331725e-2
 , 210.43720533305788,  6.067226932695952e-2
 , 210.47995154331144,   6.07369434906018e-2
 , 210.52267330979547,  6.080161765424407e-2
 , 210.56537126650528, 6.0866291817886345e-2
 ,  210.6080441109168,  6.093096598152861e-2
 , 210.65069309045035, 6.0995640145170886e-2
 ,    210.69331785424,  6.106031430881316e-2
 , 210.73591842899512, 6.1124988472455434e-2
 , 210.77849499059272,  6.118966263609771e-2
 ,  210.8210472549669,  6.125433679973998e-2
 , 210.86357557159985, 6.1319010963382256e-2
 ,  210.9060798821941,  6.138368512702453e-2
 , 210.94856020476269, 6.1448359290666804e-2
 , 210.99101666468346,  6.151303345430907e-2
 ,  211.0334490937773, 6.1577707617951345e-2
 , 211.07585774505486,  6.164238178159362e-2
 , 211.11824259835873,  6.170705594523589e-2
 , 211.16060361683958,  6.177173010887817e-2
 , 211.20294091733263,  6.183640427252044e-2
 , 211.24525457540025, 6.1901078436162715e-2
 , 211.28754452805654,  6.196575259980499e-2
 ,  211.3298107973664,  6.203042676344726e-2
 , 211.37205359814186,  6.209510092708953e-2
 , 211.41427252800912, 6.2159775090731804e-2
 , 211.45646832677872,  6.222444925437408e-2
 , 211.49864051055184,  6.228912341801635e-2
 , 211.54078927411192, 6.2353797581658627e-2
 ,   211.582914591585,   6.24184717453009e-2
 ,  211.6250166199289, 6.2483145908943175e-2
 , 211.66709530093485,  6.254782007258544e-2
 , 211.70915068836223,  6.261249423622772e-2
 , 211.75118282068598,  6.267716839986999e-2
 , 211.79319171152804,  6.274184256351227e-2
 ,   211.835177481394,  6.280651672715454e-2
 , 211.87714010549308,  6.287119089079682e-2
 , 211.91907952844667,  6.293586505443909e-2
 ,  211.9609960645931,  6.300053921808135e-2
 , 212.00288947562998,  6.306521338172363e-2
 , 224.79062074599207,  8.447236154731608e-2
 , 224.75476305029403,  8.440768738367381e-2
 , 224.71889064793112,  8.434301322003154e-2
 , 224.68300392720022,  8.427833905638926e-2
 , 224.64710289480215,  8.421366489274698e-2
 , 224.61118720165905,  8.414899072910471e-2
 , 224.57525702796576,  8.408431656546245e-2
 ,  224.5393121295034,  8.401964240182017e-2
 ,  224.5033527243472,   8.39549682381779e-2
 ,  224.4673789523005,  8.389029407453562e-2
 ,  224.4313900825668,  8.382561991089335e-2
 , 224.39538708173353,  8.376094574725107e-2
 , 224.35936889443758,   8.36962715836088e-2
 ,  224.3233362629475,  8.363159741996654e-2
 ,  224.2872889522184,  8.356692325632425e-2
 , 224.25122693099027,  8.350224909268197e-2
 ,  224.2151501829703,   8.34375749290397e-2
 , 224.17905867953857,  8.337290076539744e-2
 , 224.14295240251977,  8.330822660175516e-2
 , 224.10683132324738,  8.324355243811289e-2
 , 224.07069544202756,  8.317887827447061e-2
 , 224.03454471182465,  8.311420411082834e-2
 ,  223.9983792035033,  8.304952994718606e-2
 , 223.96219885160042,   8.29848557835438e-2
 , 223.92600350034067,  8.292018161990153e-2
 , 223.88979358484121,  8.285550745625925e-2
 , 223.85356866877186,  8.279083329261698e-2
 ,  223.8173281902146,   8.27261591289747e-2
 , 223.78107314401674,  8.266148496533243e-2
 ,  223.7448031594099,  8.259681080169015e-2
 ,   223.708518175397,  8.253213663804788e-2
 , 223.67221817881395,  8.246746247440562e-2
 , 223.63590315075038,  8.240278831076334e-2
 , 223.59957306644338,  8.233811414712106e-2
 , 223.56322791196604,  8.227343998347879e-2
 , 223.52686766920343,  8.220876581983652e-2
 , 223.49049230800262,  8.214409165619424e-2
 , 223.45410180028455,  8.207941749255197e-2
 , 223.41769618776658,  8.201474332890969e-2
 , 223.38127538845688,  8.195006916526743e-2
 , 223.34483939625764,  8.188539500162514e-2
 , 223.30838819769878,  8.182072083798288e-2
 , 223.27192176999054,  8.175604667434061e-2
 , 223.23544010748216,  8.169137251069833e-2
 , 223.19894324545453,  8.162669834705606e-2
 , 223.16243094999754,  8.156202418341378e-2
 ,  223.1259034208472,  8.149735001977151e-2
 , 223.08936057927994,  8.143267585612923e-2
 , 223.05280237230372,  8.136800169248697e-2
 ,  223.0162288197365,   8.13033275288447e-2
 , 222.97963986444358,  8.123865336520242e-2
 ,  222.9430355200719,  8.117397920156014e-2
 , 222.90641575832746,  8.110930503791787e-2
 , 222.86978057994418,   8.10446308742756e-2
 ,  222.8331299078029,  8.097995671063332e-2
 , 222.79646375745017,  8.091528254699105e-2
 , 222.75978210525656,  8.085060838334877e-2
 ,   222.723084930762,   8.07859342197065e-2
 ,  222.6863722101205,  8.072126005606423e-2
 , 222.64964393121613,  8.065658589242196e-2
 , 222.61290001549176,  8.059191172877969e-2
 , 222.57614055249383,  8.052723756513741e-2
 , 222.53936549971692,  8.046256340149514e-2
 , 222.50257501703993,  8.039788923785286e-2
 ,  222.4657683786683,   8.03332150742106e-2
 ,  222.4289462617761,  8.026854091056831e-2
 , 222.39210851835574,  8.020386674692605e-2
 , 222.35525497238194,  8.013919258328378e-2
 , 222.31838591930872,   8.00745184196415e-2
 ,  222.2815008034081,  8.000984425599922e-2
 ,  222.2445999352776,  7.994517009235695e-2
 , 222.20768327060406,  7.988049592871468e-2
 ,  222.1707508885344,   7.98158217650724e-2
 , 222.13380260335697,  7.975114760143014e-2
 ,  222.0968384475983,  7.968647343778786e-2
 ,  222.0598583969447,  7.962179927414559e-2
 , 222.02286242876886,  7.955712511050331e-2
 , 221.98585052598173,  7.949245094686104e-2
 , 221.94882264236827,  7.942777678321877e-2
 , 221.91177892796463,  7.936310261957649e-2
 , 221.87471911449384,  7.929842845593423e-2
 , 221.83764329393475,  7.923375429229194e-2
 , 221.80055145884043,  7.916908012864968e-2
 ,  221.7634433970732,   7.91044059650074e-2
 ,  221.7263195732078,  7.903973180136513e-2
 ,  221.6891795529047,  7.897505763772285e-2
 ,   221.652023386944,  7.891038347408058e-2
 , 221.61485071020206,   7.88457093104383e-2
 , 221.57766268258933,  7.878103514679603e-2
 , 221.54045773688338,  7.871636098315377e-2
 , 221.50323685256825,  7.865168681951148e-2
 ,  221.4659995416211,  7.858701265586922e-2
 ,  221.4287463782464,  7.852233849222694e-2
 , 221.39147671377654,  7.845766432858467e-2
 , 221.35419056558945,  7.839299016494239e-2
 , 221.31688855310014,  7.832831600130012e-2
 , 221.27956998107908,  7.826364183765785e-2
 ,  221.2422350378692,  7.819896767401557e-2
 , 221.20488374446424,   7.81342935103733e-2
 , 221.16751599589549,  7.806961934673103e-2
 , 221.13013191036188,  7.800494518308876e-2
 , 221.09273133831562,  7.794027101944648e-2
 ,  221.0553143046986,  7.787559685580421e-2
 , 221.01788078938782,  7.781092269216193e-2
 ,  220.9804307580225,  7.774624852851966e-2
 ,  220.9429642009061,  7.768157436487738e-2
 , 220.90548106321717,  7.761690020123511e-2
 ,  220.8679814076224,  7.755222603759285e-2
 , 220.83046510886578,  7.748755187395057e-2
 ,  220.7929322173178,   7.74228777103083e-2
 ,  220.7553826759566,  7.735820354666602e-2
 , 220.71781646509618,  7.729352938302375e-2
 , 220.68023356616283,  7.722885521938147e-2
 ,  220.6426336654848,   7.71641810557392e-2
 , 220.60501764999594,  7.709950689209694e-2
 ,  220.5673845374136,  7.703483272845466e-2
 ,  220.5297347075763,  7.697015856481239e-2
 , 220.49206805200188,  7.690548440117011e-2
 , 220.45438427385378,  7.684081023752784e-2
 , 220.41668427653113,  7.677613607388556e-2
 , 220.37896697940837,  7.671146191024329e-2
 , 220.34123313966475,  7.664678774660101e-2
 , 220.30348216191888,  7.658211358295874e-2
 , 220.26571407510582,  7.651743941931646e-2
 , 220.22792924346334,   7.64527652556742e-2
 , 220.19012736067808,  7.638809109203193e-2
 , 220.15230850362667,  7.632341692838965e-2
 , 220.11447257312741,  7.625874276474738e-2
 , 220.07661963891533,   7.61940686011051e-2
 ,  220.0387495473409,  7.612939443746283e-2
 ,  220.0008625824956,  7.606472027382055e-2
 , 219.96295835881057,  7.600004611017828e-2
 , 219.92503681926638,  7.593537194653602e-2
 , 219.88709840009636,  7.587069778289374e-2
 , 219.84914277944014,  7.580602361925147e-2
 , 219.81116985528425,  7.574134945560919e-2
 , 219.77317956028224,  7.567667529196692e-2
 , 219.73517223657308,  7.561200112832464e-2
 , 219.69714747176465,  7.554732696468237e-2
 ,  219.6591055208846,  7.548265280104009e-2
 , 219.62104624500589,  7.541797863739783e-2
 , 219.58296950547486,  7.535330447375554e-2
 , 219.54487524106383,  7.528863031011328e-2
 ,  219.5067639713184,  7.522395614647101e-2
 , 219.46863506705643,  7.515928198282873e-2
 ,  219.4304887385977,  7.509460781918646e-2
 ,  219.3923247476623,  7.502993365554418e-2
 , 219.35414360128914,  7.496525949190191e-2
 ,  219.3159447476409,  7.490058532825963e-2
 ,  219.2777284888338,  7.483591116461737e-2
 , 219.23949441745026,   7.47712370009751e-2
 , 219.20124286451139,  7.470656283733282e-2
 , 219.16297372471834,  7.464188867369055e-2
 , 219.12468696760914,  7.457721451004827e-2
 , 219.08638228235804,    7.4512540346406e-2
 , 219.04806030859342,  7.444786618276372e-2
 , 219.00972048415042,  7.438319201912146e-2
 , 218.97136288337356,  7.431851785547917e-2
 ,  218.9329875137202,  7.425384369183691e-2
 , 218.89459439860326,  7.418916952819463e-2
 , 218.85618342279855,  7.412449536455236e-2
 , 218.81775478420448,  7.405982120091009e-2
 ,  218.7793079573537,  7.399514703726781e-2
 , 218.74084340771378,  7.393047287362554e-2
 , 218.70236091470912,  7.386579870998326e-2
 , 218.66386049526218,    7.3801124546341e-2
 , 218.62534214922607,  7.373645038269871e-2
 , 218.58680599214352,  7.367177621905645e-2
 ,  218.5482509858135,  7.360710205541418e-2
 ,  218.5096789769803,   7.35424278917719e-2
 ,  218.4710885698473,  7.347775372812963e-2
 , 218.43247997741025,  7.341307956448735e-2
 , 218.39385334223823,  7.334840540084508e-2
 , 218.35520881139686,   7.32837312372028e-2
 ,  218.3165455197056,  7.321905707356054e-2
 ,  218.2778644098146,  7.315438290991826e-2
 , 218.23916500873176,  7.308970874627599e-2
 , 218.20044764733302,  7.302503458263371e-2
 , 218.16171152075265,  7.296036041899144e-2
 , 218.12295730853384,  7.289568625534917e-2
 , 218.08418480511017,  7.283101209170689e-2
 , 218.04539400026658,  7.276633792806463e-2
 , 218.00658478653855,  7.270166376442234e-2
 , 217.96775739673836,  7.263698960078008e-2
 ,  217.9289110018191,   7.25723154371378e-2
 , 217.89004672003625,  7.250764127349553e-2
 ,  217.8511637740762,  7.244296710985326e-2
 , 217.81226234015014,  7.237829294621098e-2
 , 217.77334260544856,   7.23136187825687e-2
 , 217.73440384365747,  7.224894461892643e-2
 ,  217.6954467666295,  7.218427045528417e-2
 , 217.65647125499987,  7.211959629164189e-2
 , 217.61747679378067,  7.205492212799962e-2
 , 217.57846398956116,  7.199024796435734e-2
 , 217.53943203929776,  7.192557380071507e-2
 , 217.50038184119782,  7.186089963707279e-2
 , 217.46131267374733,  7.179622547343052e-2
 , 217.42222479470138,  7.173155130978826e-2
 ,  217.3831180815489,  7.166687714614597e-2
 , 217.34399260567884,  7.160220298250371e-2
 , 217.30484827644148,  7.153752881886143e-2
 , 217.26568507522208,  7.147285465521916e-2
 , 217.22650298475673,  7.140818049157688e-2
 , 217.18730194094005,  7.134350632793461e-2
 , 217.14808194684358,  7.127883216429233e-2
 , 217.10884299386652,  7.121415800065006e-2
 ,  217.0695850862997,   7.11494838370078e-2
 , 217.03030793884906,  7.108480967336551e-2
 , 216.99101203036378,  7.102013550972325e-2
 ,  216.9516966240804,  7.095546134608097e-2
 ,  216.9123625888147,   7.08907871824387e-2
 , 216.87300936615588,  7.082611301879642e-2
 , 216.83363623400126,  7.076143885515415e-2
 ,  216.7942449078306,  7.069676469151187e-2
 ,  216.7548337420763,   7.06320905278696e-2
 , 216.71540365061836,  7.056741636422734e-2
 , 216.67595367968588,  7.050274220058506e-2
 , 216.63648527293583,  7.043806803694279e-2
 , 216.59699693763596,  7.037339387330051e-2
 , 216.55748959166908,  7.030871970965824e-2
 , 216.51796260003786,  7.024404554601596e-2
 ,  216.4784162067626,  7.017937138237369e-2
 , 216.43885040523568,  7.011469721873141e-2
 ,  216.3992650447534,  7.005002305508914e-2
 , 216.35966025634445,  6.998534889144686e-2
 , 216.32003585871587,   6.99206747278046e-2
 , 216.28039200232882,  6.985600056416233e-2
 , 216.24072865855007,  6.979132640052005e-2
 , 216.20104548330684,  6.972665223687778e-2
 , 216.16134274880963,   6.96619780732355e-2
 , 216.12162027568993,  6.959730390959323e-2
 ,  216.0818781139045,  6.953262974595095e-2
 , 216.04211623870188,  6.946795558230869e-2
 ,  216.0023345504417,  6.940328141866642e-2
 , 215.96253288111757,  6.933860725502414e-2
 , 215.92271186311993,  6.927393309138187e-2
 ,  215.8828706077658,  6.920925892773959e-2
 ,  215.8430097544087,  6.914458476409732e-2
 , 215.80312883695706,  6.907991060045504e-2
 , 215.76322798754384,  6.901523643681277e-2
 ,  215.7233071934961,   6.89505622731705e-2
 , 215.68336660268463,  6.888588810952823e-2
 ,  215.6434054930473,  6.882121394588595e-2
 , 215.60342495205822,  6.875653978224368e-2
 , 215.56342365815553,  6.869186561860141e-2
 , 215.52340249365653,  6.862719145495913e-2
 ,  215.4833611318214,  6.856251729131686e-2
 , 215.44329979084452,  6.849784312767458e-2
 ,  215.4032181894374,  6.843316896403231e-2
 , 215.36311628040602,  6.836849480039003e-2
 ,  215.3229941465669,  6.830382063674777e-2
 , 215.28285172531025,   6.82391464731055e-2
 , 215.24268900604815,  6.817447230946322e-2
 ,  215.2025058637158,  6.810979814582095e-2
 ,  215.1623023107081,  6.804512398217867e-2
 , 215.12207828154968,   6.79804498185364e-2
 , 215.08183391001336,  6.791577565489412e-2
 ,  215.0415690386608,  6.785110149125186e-2
 , 215.00128366034346,  6.778642732760957e-2
 ,  214.9609777301566,  6.772175316396731e-2
 , 214.92065123540502,  6.765707900032503e-2
 , 214.88030420845823,  6.759240483668276e-2
 , 214.83993641770735,  6.752773067304049e-2
 , 214.79954803331842,  6.746305650939821e-2
 ,  214.7591389449072,  6.739838234575594e-2
 , 214.71870919757563,  6.733370818211366e-2
 , 214.67825880928348,   6.72690340184714e-2
 , 214.63778740021783,  6.720435985482912e-2
 ,  214.5972950216546,  6.713968569118685e-2
 , 214.55678200884967,  6.707501152754458e-2
 ,  214.5162480746294,   6.70103373639023e-2
 , 214.47569324264387,  6.694566320026003e-2
 , 214.43511746463886,  6.688098903661775e-2
 ,  214.3945207070013,  6.681631487297549e-2
 , 214.35390309331314,   6.67516407093332e-2
 , 214.31326394174522,  6.668696654569094e-2
 ,  214.2726043681927,  6.662229238204866e-2
 , 214.23192323514803,  6.655761821840639e-2
 , 214.19122111842358,  6.649294405476411e-2
 , 214.15049785836874,  6.642826989112184e-2
 , 214.10975340155971,  6.636359572747957e-2
 , 214.06898750521842,   6.62989215638373e-2
 , 214.02820069297846,  6.623424740019503e-2
 , 213.98739238804603,  6.616957323655275e-2
 , 213.94656279212813,  6.610489907291048e-2
 , 213.90571172367805,   6.60402249092682e-2
 ,   213.864839322675,  6.597555074562593e-2
 , 213.82394549913423,  6.591087658198365e-2
 ,  213.7830300992183,  6.584620241834138e-2
 , 213.74209341551511,  6.578152825469911e-2
 ,  213.7011351122894,  6.571685409105683e-2
 ,  213.6601552345278,  6.565217992741457e-2
 , 213.61915378221423,  6.558750576377229e-2
 , 213.57813066164678,  6.552283160013002e-2
 ,  213.5370858926123,  6.545815743648774e-2
 ,  213.4960192358045,  6.539348327284547e-2
 , 213.45493138478676,  6.532880910920319e-2
 , 213.41382134350056,  6.526413494556092e-2
 ,  213.3726891952122,  6.519946078191866e-2
 ,  213.3315360424551,  6.513478661827637e-2
 ,             212.68,               6.41e-2 ])
srtree-opt: spline_eval: input domain error
CallStack (from HasCallStack):
  error, called at src/Numeric/GSL/Internal.hs:111:9 in hmatrix-gsl-0.19.0.1-1idX4GiUO9z1qH2hs1TyR4:Numeric.GSL.Internal
